// Jest Snapshot v1, https://goo.gl/fbAQLP

exports[`doesn't change configs 1`] = `
"[
  {
    \\"mode\\": \\"production\\",
    \\"module\\": {
      \\"rules\\": [
        {
          \\"exclude\\": {
          },
          \\"test\\": {
          },
          \\"use\\": [
            {
              \\"loader\\": \\"thread-loader\\",
              \\"options\\": {
              }
            },
            {
              \\"loader\\": \\"babel-loader\\",
              \\"options\\": {
                \\"babelrc\\": false,
                \\"plugins\\": [
                  \\"transform-object-rest-spread\\"
                ],
                \\"presets\\": [
                  \\"es2015\\",
                  \\"react\\"
                ]
              }
            }
          ]
        },
        {
          \\"test\\": {
          },
          \\"use\\": [
            {
              \\"loader\\": \\"style-loader\\"
            },
            {
              \\"loader\\": \\"raw-loader\\"
            },
            {
              \\"loader\\": \\"sass-loader\\"
            }
          ]
        },
        {
          \\"exclude\\": {
          },
          \\"test\\": {
          },
          \\"use\\": [
            {
              \\"loader\\": \\"thread-loader\\",
              \\"options\\": {
              }
            },
            {
              \\"loader\\": \\"babel-loader\\",
              \\"options\\": {
                \\"babelrc\\": false,
                \\"plugins\\": [
                  \\"transform-object-rest-spread\\"
                ],
                \\"presets\\": [
                  \\"es2015\\",
                  \\"react\\"
                ]
              }
            },
            {
              \\"loader\\": \\"/scripts/compile/mdx-loader.js\\"
            }
          ]
        }
      ]
    },
    \\"optimization\\": {
    },
    \\"output\\": {
      \\"filename\\": \\"__internal/slds.umd.js\\",
      \\"globalObject\\": \\"this\\",
      \\"library\\": \\"SLDS\\",
      \\"libraryTarget\\": \\"umd\\",
      \\"path\\": \\"/.dist\\",
      \\"publicPath\\": \\"/assets/scripts/bundle/\\"
    },
    \\"resolve\\": {
      \\"alias\\": {
        \\"lodash\\": \\"\\"
      },
      \\"extensions\\": [
        \\".js\\",
        \\".jsx\\"
      ]
    }
  },
  {
    \\"externals\\": {
      \\"js-beautify\\": \\"JSBeautify\\",
      \\"react\\": \\"React\\",
      \\"react-dom\\": \\"ReactDOM\\"
    },
    \\"mode\\": \\"production\\",
    \\"module\\": {
      \\"rules\\": [
        {
          \\"exclude\\": {
          },
          \\"test\\": {
          },
          \\"use\\": [
            {
              \\"loader\\": \\"thread-loader\\",
              \\"options\\": {
              }
            },
            {
              \\"loader\\": \\"babel-loader\\",
              \\"options\\": {
                \\"babelrc\\": false,
                \\"plugins\\": [
                  \\"transform-object-rest-spread\\"
                ],
                \\"presets\\": [
                  \\"es2015\\",
                  \\"react\\"
                ]
              }
            }
          ]
        },
        {
          \\"test\\": {
          },
          \\"use\\": [
            {
              \\"loader\\": \\"style-loader\\"
            },
            {
              \\"loader\\": \\"raw-loader\\"
            },
            {
              \\"loader\\": \\"sass-loader\\"
            }
          ]
        },
        {
          \\"exclude\\": {
          },
          \\"test\\": {
          },
          \\"use\\": [
            {
              \\"loader\\": \\"thread-loader\\",
              \\"options\\": {
              }
            },
            {
              \\"loader\\": \\"babel-loader\\",
              \\"options\\": {
                \\"babelrc\\": false,
                \\"plugins\\": [
                  \\"transform-object-rest-spread\\"
                ],
                \\"presets\\": [
                  \\"es2015\\",
                  \\"react\\"
                ]
              }
            },
            {
              \\"loader\\": \\"/scripts/compile/mdx-loader.js\\"
            }
          ]
        }
      ]
    },
    \\"optimization\\": {
      \\"splitChunks\\": {
        \\"chunks\\": \\"all\\",
        \\"minChunks\\": 2,
        \\"name\\": \\"__internal/chunked/showcase/common.js\\"
      }
    },
    \\"output\\": {
      \\"filename\\": \\"[name]\\",
      \\"globalObject\\": \\"this\\",
      \\"jsonpFunction\\": \\"webpackJsonpSLDS___internal_chunked_showcase\\",
      \\"library\\": [
        \\"SLDS\\",
        \\"[name]\\"
      ],
      \\"path\\": \\"/.dist\\",
      \\"publicPath\\": \\"/assets/scripts/bundle/\\"
    },
    \\"resolve\\": {
      \\"alias\\": {
        \\"lodash\\": \\"\\"
      },
      \\"extensions\\": [
        \\".js\\",
        \\".jsx\\"
      ]
    }
  },
  {
    \\"externals\\": {
      \\"js-beautify\\": \\"JSBeautify\\",
      \\"react\\": \\"React\\",
      \\"react-dom\\": \\"ReactDOM\\"
    },
    \\"mode\\": \\"production\\",
    \\"module\\": {
      \\"rules\\": [
        {
          \\"exclude\\": {
          },
          \\"test\\": {
          },
          \\"use\\": [
            {
              \\"loader\\": \\"thread-loader\\",
              \\"options\\": {
              }
            },
            {
              \\"loader\\": \\"babel-loader\\",
              \\"options\\": {
                \\"babelrc\\": false,
                \\"plugins\\": [
                  \\"transform-object-rest-spread\\"
                ],
                \\"presets\\": [
                  \\"es2015\\",
                  \\"react\\"
                ]
              }
            }
          ]
        },
        {
          \\"test\\": {
          },
          \\"use\\": [
            {
              \\"loader\\": \\"style-loader\\"
            },
            {
              \\"loader\\": \\"raw-loader\\"
            },
            {
              \\"loader\\": \\"sass-loader\\"
            }
          ]
        },
        {
          \\"exclude\\": {
          },
          \\"test\\": {
          },
          \\"use\\": [
            {
              \\"loader\\": \\"thread-loader\\",
              \\"options\\": {
              }
            },
            {
              \\"loader\\": \\"babel-loader\\",
              \\"options\\": {
                \\"babelrc\\": false,
                \\"plugins\\": [
                  \\"transform-object-rest-spread\\"
                ],
                \\"presets\\": [
                  \\"es2015\\",
                  \\"react\\"
                ]
              }
            },
            {
              \\"loader\\": \\"/scripts/compile/mdx-loader.js\\"
            }
          ]
        }
      ]
    },
    \\"optimization\\": {
      \\"splitChunks\\": {
        \\"chunks\\": \\"all\\",
        \\"minChunks\\": 2,
        \\"name\\": \\"__internal/chunked/docs/common.js\\"
      }
    },
    \\"output\\": {
      \\"filename\\": \\"[name]\\",
      \\"globalObject\\": \\"this\\",
      \\"jsonpFunction\\": \\"webpackJsonpSLDS___internal_chunked_docs\\",
      \\"library\\": [
        \\"SLDS\\",
        \\"[name]\\"
      ],
      \\"path\\": \\"/.dist\\",
      \\"publicPath\\": \\"/assets/scripts/bundle/\\"
    },
    \\"resolve\\": {
      \\"alias\\": {
        \\"lodash\\": \\"\\"
      },
      \\"extensions\\": [
        \\".js\\",
        \\".jsx\\"
      ]
    }
  }
]"
`;
